$ dvc init
Initialized DVC repository.

$ git status
On branch master

No commits yet

Changes to be committed:    # dvc automatically add those files to the repository
  (use "git rm --cached <file>..." to unstage)
        new file:   .dvc/.gitignore
        new file:   .dvc/config
        new file:   .dvcignore

Untracked files:
  (use "git add <file>..." to include in what will be committed)
        .gitignore
        README.md
        dvc_test.py
        mlflow_test.py
        requirements.txt
        setup.py
        test.ipynb

$ git commit -m "first commit"
[master (root-commit) f905345] first commit
 3 files changed, 3 insertions(+)
 create mode 100644 .dvc/.gitignore
 create mode 100644 .dvc/config
 create mode 100644 .dvcignore

$ git status
On branch master
Untracked files:
  (use "git add <file>..." to include in what will be committed)
        .gitignore
        README.md
        dvc_test.py
        mlflow_test.py
        requirements.txt
        setup.py
        test.ipynb

nothing added to commit but untracked files present (use "git add" to track)

$ git status
On branch master
Untracked files:
  (use "git add <file>..." to include in what will be committed)
        .gitignore
        README.md
        dvc_test.py
        mlflow_test.py
        requirements.txt
        setup.py
        test.ipynb

$ dvc add data/data.csv
ERROR: bad DVC file name 'data\data.csv.dvc' is git-ignored.  # data already in .gitignore

$ dvc add data/data.csv
100% Adding...|███████████████████████████████████████████████████████|1/1 [00:00,  1.48file/s] 

To track the changes with git, run:

        git add 'data\.gitignore' 'data\data.csv.dvc'

To enable auto staging, run:

        dvc config core.autostage true

$ git branch -M main  # move to main from master

$ git remote add origin https://github.com/SAMANTA1401/mlflow_dvc_airflow.git

$ git push -u origin main
Enumerating objects: 5, done.
Counting objects: 100% (5/5), done.
Delta compression using up to 8 threads
Compressing objects: 100% (3/3), done.
Writing objects: 100% (5/5), 354 bytes | 88.00 KiB/s, done.
Total 5 (delta 0), reused 0 (delta 0), pack-reused 0
To https://github.com/SAMANTA1401/mlflow_dvc_airflow.git
 * [new branch]      main -> main
branch 'main' set up to track 'origin/main'.

$ git add .

$ git status
On branch main
Your branch is up to date with 'origin/main'.

Changes to be committed:
  (use "git restore --staged <file>..." to unstage)
        new file:   .gitignore
        new file:   README.md
        new file:   data/.gitignore
        new file:   data/data.csv.dvc
        new file:   dvc.txt
        new file:   dvc_test.py
        new file:   mlflow_test.py
        new file:   requirements.txt
        new file:   setup.py
        new file:   test.ipynb

$ git push -u origin main
Everything up-to-date
branch 'main' set up to track 'origin/main'.

$ git commit -m "second commit"
[main 8039ea3] second commit
 10 files changed, 174 insertions(+)
 create mode 100644 .gitignore
 create mode 100644 README.md
 create mode 100644 data/.gitignore
 create mode 100644 data/data.csv.dvc
 create mode 100644 dvc.txt
 create mode 100644 dvc_test.py
 create mode 100644 mlflow_test.py
 create mode 100644 requirements.txt
 create mode 100644 setup.py
 create mode 100644 test.ipynb

$ git push -u origin main
Enumerating objects: 13, done.
Counting objects: 100% (13/13), done.
Delta compression using up to 8 threads
Compressing objects: 100% (9/9), done.
Writing objects: 100% (12/12), 2.59 KiB | 1.29 MiB/s, done.
Total 12 (delta 0), reused 0 (delta 0), pack-reused 0
To https://github.com/SAMANTA1401/mlflow_dvc_airflow.git

$ dvc add data/data.csv
100% Adding...|███████████████████████████████████████████████████████|1/1 [00:00,  4.75file/s] 

To track the changes with git, run:

        git add 'data\data.csv.dvc'

To enable auto staging, run:

        dvc config core.autostage true

$ git branch newbranch

$ git checkout newbranch
Switched to branch 'newbranch'
M       data/data.csv.dvc

$ dvc checkout
Building workspace index                                             |2.00 [00:00, 59.9entry/s] 
Comparing indexes                                                    |3.00 [00:00,  507entry/s] 
Applying changes  

$ dvc add data/data.csv
100% Adding...|███████████████████████████████████████████████████████|1/1 [00:00, 15.40file/s]

To track the changes with git, run:

        git add 'data\data.csv.dvc'

To enable auto staging, run:

        dvc config core.autostage true

$ git checkout main
Switched to branch 'main'
M       data/data.csv.dvc
Your branch is up to date with 'origin/main'

$ dvc checkout
Building workspace index                                             |2.00 [00:00, 48.5entry/s]
Comparing indexes                                                    |3.00 [00:00,  870entry/s] 
Applying changes    

$ git checkout newbranch
Switched to branch 'newbranch'
M       data/data.csv.dvc

$ dvc add data/data.csv
100% Adding...|███████████████████████████████████████████████████████|1/1 [00:00,  7.14file/s] 

To track the changes with git, run:

        git add 'data\data.csv.dvc'

To enable auto staging, run:

        dvc config core.autostage true

$ git commit -m "datacsv add"
On branch newbranch
Changes not staged for commit:
  (use "git add <file>..." to update what will be committed)
  (use "git restore <file>..." to discard changes in working directory)
        modified:   data/data.csv.dvc

$ git add .
warning: in the working copy of 'data/data.csv.dvc', CRLF will be replaced by LF the next time Git touches it

$ git status
On branch newbranch
Changes to be committed:
  (use "git restore --staged <file>..." to unstage)
        modified:   data/data.csv.dvc

$ git commit -m "data/data.csv added"
[newbranch 1546e8e] data/data.csv added
 1 file changed, 2 insertions(+), 2 deletions(-)

$ git checkout main
Switched to branch 'main'
Your branch is up to date with 'origin/main'.

$ dvc checkout
Building workspace index                                             |2.00 [00:00,  137entry/s] 
Comparing indexes                                                    |3.00 [00:00,  961entry/s] 
Applying changes                                                     |1.00 [00:00,   284file/s] 
M       data\data.csv


$ dvc remote add -d remote_storage remote_s3_storage
Setting 'remote_storage' as a default remote.
ERROR: configuration error - config file error: remote 'remote_storage' already exists. Use `-f|--force` to overwrite it.
$ dvc remote add -d -f remote_storage remote_s3_storage
Setting 'remote_storage' as a default remote.

$ dvc push
Collecting                                                           |1.00 [00:00,  151entry/s] 
Pushing
1 file pushed